// Jest Snapshot v1, https://goo.gl/fbAQLP

exports[`renders App 1`] = `
<div
  className="container"
>
  <p
    className="countdown"
  >
    00:05
  </p>
  <button
    onClick={[Function]}
  >
    Start!
  </button>
</div>
`;
